%!Adobe-FontList 1.14
%Locale:0x409

%BeginFont
Handler:DirectoryHandler
FontType:TrueType
FontName:Montserrat-ExtraBold
FamilyName:Montserrat
StyleName:ExtraBold
FullName:Montserrat ExtraBold
MenuName:Montserrat ExtraBold
StyleBits:0
WritingScript:Roman
OutlineFileName:G:\390.inc\Font\Montserrat-ExtraBold.ttf
DataFormat:sfntData
FileLength:191644
FileModTime:1323730800
WeightClass:800
WidthClass:5
AngleClass:0
%EndFont

%BeginFont
Handler:DirectoryHandler
FontType:TrueType
FontName:Montserrat-Light
FamilyName:Montserrat
StyleName:Light
FullName:Montserrat Light
MenuName:Montserrat Light
StyleBits:0
WritingScript:Roman
OutlineFileName:G:\390.inc\Font\Montserrat-Light.ttf
DataFormat:sfntData
FileLength:192116
FileModTime:1323730800
WeightClass:300
WidthClass:5
AngleClass:0
%EndFont

%BeginFont
Handler:DirectoryHandler
FontType:TrueType
FontName:Montserrat-Regular
FamilyName:Montserrat
StyleName:Regular
FullName:Montserrat Regular
MenuName:Montserrat
StyleBits:0
WritingScript:Roman
OutlineFileName:G:\390.inc\Font\Montserrat-Regular.ttf
DataFormat:sfntData
FileLength:190648
FileModTime:1323730800
WeightClass:400
WidthClass:5
AngleClass:0
%EndFont

%BeginFont
Handler:DirectoryHandler
FontType:TrueType
FontName:Montserrat-SemiBold
FamilyName:Montserrat
StyleName:SemiBold
FullName:Montserrat SemiBold
MenuName:Montserrat SemiBold
StyleBits:0
WritingScript:Roman
OutlineFileName:G:\390.inc\Font\Montserrat-SemiBold.ttf
DataFormat:sfntData
FileLength:192268
FileModTime:1323730800
WeightClass:600
WidthClass:5
AngleClass:0
%EndFont

